   223    26     0     datakind beginning-row multi-curves
-----------------------------------------------------------------
Calculation of photoelectron diffraction and dichroism
MSCD Parallel  Version 1.37 Yufeng Chen and Michel A Van Hove
Lawrence Berkeley National Laboratory (LBNL), Berkeley, CA 94720
Copyright (c) Van Hove Group 1997-1998. All rights reserved
-----------------------------------------------------------------
 angle-resolved photoemission extended fine structure (ARPEFS)
 multiple scattering calculation of Ga2O3(100)
 calculated by Yosef (UFJ-PPGCAS) on Feb 12, 2026

   initial angular momentum (li) = 2   msorder=  2   raorder= 2
   photon polarization angle (polar,azimuth) =(  30.0   0.0 ) (deg)

   radius, depth and lattice constant=   9.0,  25.0 and   4.09 angstrom
   cluster size=  73 atoms and spacings=  0.00  2.66 angstrom
   inner potential=  0.1 V  debye and sample temperature= 504, 300 K
   number of valence electrons=  11     bandgap energy=   0.00 eV
   density of bulk=  10.50 g/cm3     molecular weight= 107.87 amu
   effective weight for kind 1-2 =  107.9    0.0 amu
   half aperture angle=    1.5 deg            pathcut=     0.0050

   photoemission azimuthal scan curves
     parameters: curve point theta phi weightc weighte
     columns: phi intensity background chical chiexp
    18   720    1   18   40  960  ncurve npoint nk ntheta nphi nangle
   1    40  16.66   18.0    1.0    0.0   ----------------------------
  111.0    2.8390e-03    2.8287e-03    3.6581e-03   -2.2243e-02
  114.0    2.8333e-03    2.8287e-03    1.6468e-03   -4.0333e-02
  117.0    2.8230e-03    2.8287e-03   -1.9999e-03   -4.3791e-02
  120.0    2.8225e-03    2.8287e-03   -2.1988e-03   -2.6295e-02
  123.0    2.8231e-03    2.8287e-03   -1.9826e-03    2.4272e-03
  126.0    2.8333e-03    2.8287e-03    1.6435e-03    3.8032e-02
  129.0    2.8390e-03    2.8287e-03    3.6482e-03    5.9663e-02
  132.0    2.8584e-03    2.8287e-03    1.0495e-02    6.4723e-02
  135.0    2.8838e-03    2.8287e-03    1.9472e-02    5.6807e-02
  138.0    2.9161e-03    2.8287e-03    3.0894e-02    4.5085e-02
  141.0    2.8754e-03    2.8287e-03    1.6506e-02    3.4281e-02
  144.0    2.7978e-03    2.8287e-03   -1.0903e-02    2.6374e-02
  147.0    2.7481e-03    2.8287e-03   -2.8494e-02    1.0205e-02
  150.0    2.7423e-03    2.8287e-03   -3.0530e-02    1.5680e-03
  153.0    2.7651e-03    2.8287e-03   -2.2484e-02   -1.2532e-02
  156.0    2.8016e-03    2.8287e-03   -9.5809e-03   -2.0286e-02
  159.0    2.8663e-03    2.8287e-03    1.3302e-02   -3.6486e-02
  162.0    2.9175e-03    2.8287e-03    3.1399e-02   -6.0136e-02
  165.0    2.8713e-03    2.8287e-03    1.5079e-02   -7.9725e-02
  168.0    2.8313e-03    2.8287e-03    9.4533e-04   -8.9089e-02
  171.0    2.8176e-03    2.8287e-03   -3.8972e-03   -7.9628e-02
  174.0    2.7886e-03    2.8287e-03   -1.4180e-02   -4.3899e-02
  177.0    2.7828e-03    2.8287e-03   -1.6225e-02   -4.9874e-03
  180.0    2.8059e-03    2.8287e-03   -8.0554e-03    2.7770e-02
  183.0    2.7828e-03    2.8287e-03   -1.6234e-02    2.2433e-02
  186.0    2.7885e-03    2.8287e-03   -1.4196e-02   -5.2078e-04
  189.0    2.8176e-03    2.8287e-03   -3.9263e-03   -2.6997e-02
  192.0    2.8314e-03    2.8287e-03    9.4748e-04   -2.8617e-02
  195.0    2.8713e-03    2.8287e-03    1.5079e-02   -9.6950e-03
  198.0    2.9174e-03    2.8287e-03    3.1367e-02    1.5266e-02
  201.0    2.8663e-03    2.8287e-03    1.3304e-02    4.0852e-02
  204.0    2.8016e-03    2.8287e-03   -9.5598e-03    5.2377e-02
  207.0    2.7652e-03    2.8287e-03   -2.2447e-02    5.7921e-02
  210.0    2.7424e-03    2.8287e-03   -3.0503e-02    4.9119e-02
  213.0    2.7480e-03    2.8287e-03   -2.8507e-02    4.1560e-02
  216.0    2.7979e-03    2.8287e-03   -1.0884e-02    3.2669e-02
  219.0    2.8754e-03    2.8287e-03    1.6537e-02    2.3925e-02
  222.0    2.9161e-03    2.8287e-03    3.0901e-02    1.2738e-03
  225.0    2.8838e-03    2.8287e-03    1.9473e-02   -3.1213e-02
  228.0    2.8584e-03    2.8287e-03    1.0493e-02   -7.0997e-02
   2    40  16.66   21.0    1.0    0.0   ----------------------------
  111.0    2.8824e-03    2.8293e-03    1.8760e-02    3.0616e-02
  114.0    2.9019e-03    2.8293e-03    2.5658e-02   -6.0676e-03
  117.0    2.9213e-03    2.8293e-03    3.2508e-02   -2.5210e-02
  120.0    2.9341e-03    2.8293e-03    3.7041e-02   -2.9509e-02
  123.0    2.9212e-03    2.8293e-03    3.2484e-02   -1.4713e-02
  126.0    2.9019e-03    2.8293e-03    2.5672e-02   -1.0473e-03
  129.0    2.8823e-03    2.8293e-03    1.8741e-02    1.0886e-02
  132.0    2.8503e-03    2.8293e-03    7.4146e-03    7.7695e-04
  135.0    2.8560e-03    2.8293e-03    9.4296e-03   -1.9237e-02
  138.0    2.8486e-03    2.8293e-03    6.8127e-03   -3.5733e-02
  141.0    2.8374e-03    2.8293e-03    2.8418e-03   -3.2497e-02
  144.0    2.8075e-03    2.8293e-03   -7.7049e-03    8.8860e-04
  147.0    2.7855e-03    2.8293e-03   -1.5490e-02    4.1882e-02
  150.0    2.7705e-03    2.8293e-03   -2.0792e-02    7.6547e-02
  153.0    2.7712e-03    2.8293e-03   -2.0527e-02    8.8435e-02
  156.0    2.7579e-03    2.8293e-03   -2.5254e-02    8.4453e-02
  159.0    2.7542e-03    2.8293e-03   -2.6537e-02    7.2958e-02
  162.0    2.7800e-03    2.8293e-03   -1.7438e-02    5.7552e-02
  165.0    2.7970e-03    2.8293e-03   -1.1412e-02    3.5028e-02
  168.0    2.7988e-03    2.8293e-03   -1.0791e-02   -2.6980e-03
  171.0    2.8415e-03    2.8293e-03    4.3092e-03   -5.5393e-02
  174.0    2.8502e-03    2.8293e-03    7.3709e-03   -1.1432e-01
  177.0    2.8645e-03    2.8293e-03    1.2445e-02   -1.5133e-01
  180.0    2.8854e-03    2.8293e-03    1.9836e-02   -1.5659e-01
  183.0    2.8644e-03    2.8293e-03    1.2397e-02   -1.2447e-01
  186.0    2.8502e-03    2.8293e-03    7.3897e-03   -7.7220e-02
  189.0    2.8414e-03    2.8293e-03    4.2704e-03   -2.2056e-02
  192.0    2.7987e-03    2.8293e-03   -1.0819e-02    2.0598e-02
  195.0    2.7969e-03    2.8293e-03   -1.1439e-02    5.4784e-02
  198.0    2.7799e-03    2.8293e-03   -1.7469e-02    7.6634e-02
  201.0    2.7543e-03    2.8293e-03   -2.6513e-02    8.7806e-02
  204.0    2.7578e-03    2.8293e-03   -2.5270e-02    9.2456e-02
  207.0    2.7713e-03    2.8293e-03   -2.0488e-02    7.7576e-02
  210.0    2.7706e-03    2.8293e-03   -2.0762e-02    5.5770e-02
  213.0    2.7855e-03    2.8293e-03   -1.5499e-02    1.9600e-02
  216.0    2.8076e-03    2.8293e-03   -7.6768e-03   -1.2167e-02
  219.0    2.8373e-03    2.8293e-03    2.8334e-03   -3.3380e-02
  222.0    2.8486e-03    2.8293e-03    6.8294e-03   -3.0374e-02
  225.0    2.8560e-03    2.8293e-03    9.4272e-03   -2.4301e-02
  228.0    2.8503e-03    2.8293e-03    7.4133e-03   -2.3238e-02
   3    40  16.66   24.0    1.0    0.0   ----------------------------
  111.0    2.7167e-03    2.7910e-03   -2.6612e-02    4.8528e-02
  114.0    2.7686e-03    2.7910e-03   -8.0383e-03    1.4226e-02
  117.0    2.7616e-03    2.7910e-03   -1.0542e-02   -1.2206e-02
  120.0    2.7159e-03    2.7910e-03   -2.6916e-02   -2.7254e-02
  123.0    2.7616e-03    2.7910e-03   -1.0538e-02   -3.4422e-02
  126.0    2.7686e-03    2.7910e-03   -8.0386e-03   -2.3362e-02
  129.0    2.7167e-03    2.7910e-03   -2.6620e-02   -1.1896e-02
  132.0    2.7021e-03    2.7910e-03   -3.1846e-02   -9.4375e-03
  135.0    2.7730e-03    2.7910e-03   -6.4474e-03   -2.6540e-02
  138.0    2.8040e-03    2.7910e-03    4.6692e-03   -3.6023e-02
  141.0    2.8132e-03    2.7910e-03    7.9625e-03   -2.3613e-02
  144.0    2.8119e-03    2.7910e-03    7.4756e-03    2.7607e-03
  147.0    2.8379e-03    2.7910e-03    1.6820e-02    2.3354e-02
  150.0    2.8520e-03    2.7910e-03    2.1847e-02    3.8580e-02
  153.0    2.8409e-03    2.7910e-03    1.7875e-02    5.1245e-02
  156.0    2.8163e-03    2.7910e-03    9.0638e-03    6.4741e-02
  159.0    2.8095e-03    2.7910e-03    6.6272e-03    7.1999e-02
  162.0    2.8272e-03    2.7910e-03    1.2975e-02    8.7743e-02
  165.0    2.8206e-03    2.7910e-03    1.0597e-02    8.5628e-02
  168.0    2.7649e-03    2.7910e-03   -9.3383e-03    6.7347e-02
  171.0    2.7553e-03    2.7910e-03   -1.2781e-02   -2.0270e-03
  174.0    2.7973e-03    2.7910e-03    2.2534e-03   -8.1663e-02
  177.0    2.7998e-03    2.7910e-03    3.1655e-03   -1.5122e-01
  180.0    2.7787e-03    2.7910e-03   -4.4181e-03   -1.7591e-01
  183.0    2.7998e-03    2.7910e-03    3.1494e-03   -1.4775e-01
  186.0    2.7972e-03    2.7910e-03    2.2283e-03   -8.7835e-02
  189.0    2.7553e-03    2.7910e-03   -1.2797e-02   -7.0173e-03
  192.0    2.7648e-03    2.7910e-03   -9.3812e-03    4.2357e-02
  195.0    2.8205e-03    2.7910e-03    1.0589e-02    6.7878e-02
  198.0    2.8271e-03    2.7910e-03    1.2928e-02    6.6765e-02
  201.0    2.8095e-03    2.7910e-03    6.6333e-03    6.6147e-02
  204.0    2.8163e-03    2.7910e-03    9.0542e-03    5.9357e-02
  207.0    2.8409e-03    2.7910e-03    1.7877e-02    5.1376e-02
  210.0    2.8520e-03    2.7910e-03    2.1853e-02    4.4326e-02
  213.0    2.8380e-03    2.7910e-03    1.6840e-02    2.3152e-02
  216.0    2.8119e-03    2.7910e-03    7.4823e-03   -1.3250e-02
  219.0    2.8132e-03    2.7910e-03    7.9563e-03   -4.4185e-02
  222.0    2.8041e-03    2.7910e-03    4.7034e-03   -4.4311e-02
  225.0    2.7729e-03    2.7910e-03   -6.4747e-03   -2.2297e-02
  228.0    2.7021e-03    2.7910e-03   -3.1837e-02    4.3324e-03
   4    40  16.66   27.0    1.0    0.0   ----------------------------
  111.0    2.9027e-03    2.8829e-03    6.8442e-03   -1.1037e-01
  114.0    2.8418e-03    2.8829e-03   -1.4247e-02    5.6643e-03
  117.0    2.8213e-03    2.8829e-03   -2.1362e-02    8.8451e-02
  120.0    2.8435e-03    2.8829e-03   -1.3674e-02    1.1828e-01
  123.0    2.8213e-03    2.8829e-03   -2.1362e-02    9.1081e-02
  126.0    2.8418e-03    2.8829e-03   -1.4258e-02    4.0268e-02
  129.0    2.9026e-03    2.8829e-03    6.8407e-03   -6.1332e-03
  132.0    2.9999e-03    2.8829e-03    4.0584e-02   -3.4100e-02
  135.0    2.9761e-03    2.8829e-03    3.2308e-02   -4.0166e-02
  138.0    2.8617e-03    2.8829e-03   -7.3444e-03   -3.5864e-02
  141.0    2.8155e-03    2.8829e-03   -2.3385e-02   -3.3537e-02
  144.0    2.8074e-03    2.8829e-03   -2.6187e-02   -5.8353e-02
  147.0    2.8731e-03    2.8829e-03   -3.4070e-03   -9.6320e-02
  150.0    2.8777e-03    2.8829e-03   -1.8281e-03   -1.1998e-01
  153.0    2.8574e-03    2.8829e-03   -8.8571e-03   -1.0929e-01
  156.0    2.8111e-03    2.8829e-03   -2.4912e-02   -7.9810e-02
  159.0    2.8273e-03    2.8829e-03   -1.9283e-02   -4.9793e-02
  162.0    2.8835e-03    2.8829e-03    1.8311e-04   -1.9506e-02
  165.0    2.9769e-03    2.8829e-03    3.2582e-02    2.8569e-02
  168.0    3.0282e-03    2.8829e-03    5.0403e-02    8.5461e-02
  171.0    2.9342e-03    2.8829e-03    1.7782e-02    1.3161e-01
  174.0    2.8849e-03    2.8829e-03    6.8426e-04    1.2926e-01
  177.0    2.8400e-03    2.8829e-03   -1.4878e-02    1.0552e-01
  180.0    2.8326e-03    2.8829e-03   -1.7457e-02    8.1337e-02
  183.0    2.8400e-03    2.8829e-03   -1.4889e-02    8.0963e-02
  186.0    2.8848e-03    2.8829e-03    6.3944e-04    7.9483e-02
  189.0    2.9341e-03    2.8829e-03    1.7758e-02    6.5191e-02
  192.0    3.0280e-03    2.8829e-03    5.0339e-02    2.4151e-02
  195.0    2.9768e-03    2.8829e-03    3.2580e-02   -2.0403e-02
  198.0    2.8833e-03    2.8829e-03    1.3804e-04   -5.7104e-02
  201.0    2.8273e-03    2.8829e-03   -1.9281e-02   -7.7476e-02
  204.0    2.8110e-03    2.8829e-03   -2.4931e-02   -1.0232e-01
  207.0    2.8574e-03    2.8829e-03   -8.8623e-03   -1.2543e-01
  210.0    2.8777e-03    2.8829e-03   -1.8244e-03   -1.1590e-01
  213.0    2.8732e-03    2.8829e-03   -3.3860e-03   -7.2952e-02
  216.0    2.8074e-03    2.8829e-03   -2.6194e-02   -2.6846e-02
  219.0    2.8155e-03    2.8829e-03   -2.3393e-02    6.6494e-03
  222.0    2.8617e-03    2.8829e-03   -7.3556e-03    2.9012e-02
  225.0    2.9760e-03    2.8829e-03    3.2290e-02    7.2471e-02
  228.0    3.0000e-03    2.8829e-03    4.0593e-02    1.2946e-01
   5    40  16.66   30.0    1.0    0.0   ----------------------------
  111.0    2.8314e-03    2.7824e-03    1.7587e-02   -4.8988e-02
  114.0    2.9403e-03    2.7824e-03    5.6746e-02   -3.1600e-03
  117.0    2.9639e-03    2.7824e-03    6.5230e-02    4.3704e-02
  120.0    2.9656e-03    2.7824e-03    6.5836e-02    7.6596e-02
  123.0    2.9638e-03    2.7824e-03    6.5196e-02    9.4198e-02
  126.0    2.9403e-03    2.7824e-03    5.6742e-02    8.1721e-02
  129.0    2.8314e-03    2.7824e-03    1.7580e-02    5.2509e-02
  132.0    2.7855e-03    2.7824e-03    1.0846e-03    7.7707e-03
  135.0    2.7464e-03    2.7824e-03   -1.2936e-02   -2.9016e-02
  138.0    2.7115e-03    2.7824e-03   -2.5478e-02   -5.5614e-02
  141.0    2.6868e-03    2.7824e-03   -3.4375e-02   -7.0796e-02
  144.0    2.6621e-03    2.7824e-03   -4.3245e-02   -9.8641e-02
  147.0    2.6476e-03    2.7824e-03   -4.8453e-02   -1.4022e-01
  150.0    2.6553e-03    2.7824e-03   -4.5706e-02   -1.7147e-01
  153.0    2.6738e-03    2.7824e-03   -3.9047e-02   -1.7260e-01
  156.0    2.6890e-03    2.7824e-03   -3.3597e-02   -1.5254e-01
  159.0    2.6993e-03    2.7824e-03   -2.9894e-02   -1.1997e-01
  162.0    2.7191e-03    2.7824e-03   -2.2750e-02   -8.1047e-02
  165.0    2.6893e-03    2.7824e-03   -3.3471e-02   -1.1929e-02
  168.0    2.7471e-03    2.7824e-03   -1.2718e-02    8.1779e-02
  171.0    2.8148e-03    2.7824e-03    1.1638e-02    1.7125e-01
  174.0    2.9691e-03    2.7824e-03    6.7076e-02    2.4071e-01
  177.0    3.0272e-03    2.7824e-03    8.7972e-02    2.6425e-01
  180.0    3.0138e-03    2.7824e-03    8.3157e-02    2.6317e-01
  183.0    3.0272e-03    2.7824e-03    8.7958e-02    2.3529e-01
  186.0    2.9690e-03    2.7824e-03    6.7032e-02    1.8601e-01
  189.0    2.8147e-03    2.7824e-03    1.1594e-02    1.0244e-01
  192.0    2.7469e-03    2.7824e-03   -1.2764e-02   -5.5891e-03
  195.0    2.6893e-03    2.7824e-03   -3.3472e-02   -9.7489e-02
  198.0    2.7191e-03    2.7824e-03   -2.2782e-02   -1.5671e-01
  201.0    2.6993e-03    2.7824e-03   -2.9883e-02   -1.8310e-01
  204.0    2.6888e-03    2.7824e-03   -3.3661e-02   -2.0202e-01
  207.0    2.6738e-03    2.7824e-03   -3.9038e-02   -1.9876e-01
  210.0    2.6553e-03    2.7824e-03   -4.5690e-02   -1.6170e-01
  213.0    2.6476e-03    2.7824e-03   -4.8445e-02   -9.7726e-02
  216.0    2.6622e-03    2.7824e-03   -4.3204e-02   -4.2280e-02
  219.0    2.6866e-03    2.7824e-03   -3.4431e-02   -2.4250e-03
  222.0    2.7115e-03    2.7824e-03   -2.5495e-02    4.1301e-02
  225.0    2.7463e-03    2.7824e-03   -1.2984e-02    1.2309e-01
  228.0    2.7855e-03    2.7824e-03    1.0858e-03    2.3889e-01
   6    40  16.66   33.0    1.0    0.0   ----------------------------
  111.0    2.7941e-03    2.8778e-03   -2.9075e-02   -4.0338e-03
  114.0    2.7729e-03    2.8778e-03   -3.6442e-02    1.2386e-02
  117.0    2.7900e-03    2.8778e-03   -3.0495e-02    2.3651e-02
  120.0    2.6945e-03    2.8778e-03   -6.3670e-02    4.1193e-02
  123.0    2.7900e-03    2.8778e-03   -3.0498e-02    9.3010e-02
  126.0    2.7729e-03    2.8778e-03   -3.6425e-02    8.9110e-02
  129.0    2.7941e-03    2.8778e-03   -2.9078e-02    2.8957e-02
  132.0    2.9297e-03    2.8778e-03    1.8065e-02   -5.2540e-02
  135.0    2.8845e-03    2.8778e-03    2.3346e-03   -8.4840e-02
  138.0    2.8779e-03    2.8778e-03    3.4332e-05   -8.1160e-02
  141.0    2.9804e-03    2.8778e-03    3.5673e-02   -7.6138e-02
  144.0    3.0147e-03    2.8778e-03    4.7572e-02   -7.6621e-02
  147.0    2.8657e-03    2.8778e-03   -4.1853e-03   -8.8695e-02
  150.0    2.8170e-03    2.8778e-03   -2.1107e-02   -9.9555e-02
  153.0    2.8691e-03    2.8778e-03   -3.0231e-03   -9.8810e-02
  156.0    2.9916e-03    2.8778e-03    3.9573e-02   -7.5905e-02
  159.0    2.9583e-03    2.8778e-03    2.7996e-02   -4.8042e-02
  162.0    2.8966e-03    2.8778e-03    6.5488e-03   -3.1238e-02
  165.0    2.8757e-03    2.8778e-03   -6.9815e-04   -1.4178e-02
  168.0    2.9172e-03    2.8778e-03    1.3707e-02    2.5357e-02
  171.0    2.8108e-03    2.8778e-03   -2.3265e-02    9.3783e-02
  174.0    2.8178e-03    2.8778e-03   -2.0831e-02    1.6882e-01
  177.0    2.9115e-03    2.8778e-03    1.1720e-02    2.2079e-01
  180.0    2.8658e-03    2.8778e-03   -4.1452e-03    2.3013e-01
  183.0    2.9114e-03    2.8778e-03    1.1696e-02    1.9539e-01
  186.0    2.8177e-03    2.8778e-03   -2.0855e-02    1.2366e-01
  189.0    2.8106e-03    2.8778e-03   -2.3320e-02    4.2233e-02
  192.0    2.9171e-03    2.8778e-03    1.3672e-02   -2.7844e-02
  195.0    2.8757e-03    2.8778e-03   -7.2867e-04   -6.1845e-02
  198.0    2.8965e-03    2.8778e-03    6.5012e-03   -8.5323e-02
  201.0    2.9582e-03    2.8778e-03    2.7953e-02   -1.1472e-01
  204.0    2.9915e-03    2.8778e-03    3.9525e-02   -1.5055e-01
  207.0    2.8690e-03    2.8778e-03   -3.0297e-03   -1.5636e-01
  210.0    2.8171e-03    2.8778e-03   -2.1069e-02   -1.3609e-01
  213.0    2.8657e-03    2.8778e-03   -4.2031e-03   -1.0489e-01
  216.0    3.0147e-03    2.8778e-03    4.7580e-02   -7.9351e-02
  219.0    2.9804e-03    2.8778e-03    3.5666e-02   -3.9767e-02
  222.0    2.8778e-03    2.8778e-03    1.4663e-05    1.4281e-02
  225.0    2.8844e-03    2.8778e-03    2.3021e-03    1.1968e-01
  228.0    2.9296e-03    2.8778e-03    1.8016e-02    2.7992e-01
   7    40  16.66   36.0    1.0    0.0   ----------------------------
  111.0    3.0744e-03    2.8879e-03    6.4584e-02   -1.3946e-02
  114.0    2.9031e-03    2.8879e-03    5.2594e-03    1.2149e-02
  117.0    2.7786e-03    2.8879e-03   -3.7828e-02    1.7027e-02
  120.0    2.7424e-03    2.8879e-03   -5.0381e-02    1.8222e-02
  123.0    2.7785e-03    2.8879e-03   -3.7862e-02    2.3815e-02
  126.0    2.9032e-03    2.8879e-03    5.2958e-03   -1.0774e-02
  129.0    3.0744e-03    2.8879e-03    6.4586e-02   -7.4364e-02
  132.0    3.0243e-03    2.8879e-03    4.7255e-02   -9.1773e-02
  135.0    2.9491e-03    2.8879e-03    2.1207e-02   -2.1975e-02
  138.0    2.8650e-03    2.8879e-03   -7.9354e-03    7.8204e-02
  141.0    2.8610e-03    2.8879e-03   -9.3093e-03    1.1328e-01
  144.0    2.8287e-03    2.8879e-03   -2.0480e-02    6.1723e-02
  147.0    2.8069e-03    2.8879e-03   -2.8054e-02   -2.3870e-02
  150.0    2.8200e-03    2.8879e-03   -2.3510e-02   -5.3580e-02
  153.0    2.8046e-03    2.8879e-03   -2.8845e-02   -1.4714e-02
  156.0    2.7659e-03    2.8879e-03   -4.2224e-02    2.5839e-02
  159.0    2.7660e-03    2.8879e-03   -4.2209e-02    7.7397e-03
  162.0    2.8116e-03    2.8879e-03   -2.6403e-02   -5.0969e-02
  165.0    2.9181e-03    2.8879e-03    1.0461e-02   -9.0673e-02
  168.0    3.0305e-03    2.8879e-03    4.9406e-02   -7.2761e-02
  171.0    3.1063e-03    2.8879e-03    7.5625e-02   -1.5329e-02
  174.0    2.9695e-03    2.8879e-03    2.8273e-02    5.4650e-02
  177.0    2.8868e-03    2.8879e-03   -3.7658e-04    9.8675e-02
  180.0    2.8336e-03    2.8879e-03   -1.8801e-02    1.0860e-01
  183.0    2.8865e-03    2.8879e-03   -4.6134e-04    8.1124e-02
  186.0    2.9692e-03    2.8879e-03    2.8178e-02    2.1521e-02
  189.0    3.1059e-03    2.8879e-03    7.5498e-02   -4.5749e-02
  192.0    3.0304e-03    2.8879e-03    4.9369e-02   -8.3449e-02
  195.0    2.9180e-03    2.8879e-03    1.0420e-02   -7.4170e-02
  198.0    2.8113e-03    2.8879e-03   -2.6507e-02   -2.4389e-02
  201.0    2.7658e-03    2.8879e-03   -4.2280e-02    1.3705e-02
  204.0    2.7659e-03    2.8879e-03   -4.2243e-02   -5.6821e-03
  207.0    2.8045e-03    2.8879e-03   -2.8854e-02   -5.0407e-02
  210.0    2.8201e-03    2.8879e-03   -2.3477e-02   -5.0032e-02
  213.0    2.8069e-03    2.8879e-03   -2.8040e-02    2.3714e-02
  216.0    2.8287e-03    2.8879e-03   -2.0494e-02    9.4979e-02
  219.0    2.8611e-03    2.8879e-03   -9.2696e-03    8.6469e-02
  222.0    2.8650e-03    2.8879e-03   -7.9213e-03    1.0162e-02
  225.0    2.9490e-03    2.8879e-03    2.1170e-02   -4.4292e-02
  228.0    3.0241e-03    2.8879e-03    4.7175e-02   -3.9207e-02
   8    40  16.66   39.0    1.0    0.0   ----------------------------
  111.0    2.7287e-03    2.7935e-03   -2.3221e-02    4.3804e-03
  114.0    2.7286e-03    2.7935e-03   -2.3244e-02   -2.3133e-02
  117.0    2.8676e-03    2.7935e-03    2.6492e-02   -3.8070e-02
  120.0    3.0036e-03    2.7935e-03    7.5205e-02   -5.4116e-02
  123.0    2.8675e-03    2.7935e-03    2.6489e-02   -6.7571e-02
  126.0    2.7286e-03    2.7935e-03   -2.3242e-02   -8.4240e-02
  129.0    2.7287e-03    2.7935e-03   -2.3209e-02   -5.6375e-02
  132.0    2.7093e-03    2.7935e-03   -3.0164e-02    2.8533e-02
  135.0    2.8076e-03    2.7935e-03    5.0353e-03    1.4498e-01
  138.0    2.8072e-03    2.7935e-03    4.8771e-03    2.2795e-01
  141.0    2.8340e-03    2.7935e-03    1.4474e-02    2.1992e-01
  144.0    2.8170e-03    2.7935e-03    8.3910e-03    1.5144e-01
  147.0    2.8198e-03    2.7935e-03    9.4101e-03    5.7896e-02
  150.0    2.7766e-03    2.7935e-03   -6.0763e-03   -2.4521e-02
  153.0    2.7902e-03    2.7935e-03   -1.2113e-03   -8.8908e-02
  156.0    2.7409e-03    2.7935e-03   -1.8850e-02   -1.3658e-01
  159.0    2.7723e-03    2.7935e-03   -7.6134e-03   -1.6957e-01
  162.0    2.7356e-03    2.7935e-03   -2.0753e-02   -1.8196e-01
  165.0    2.7504e-03    2.7935e-03   -1.5433e-02   -1.6636e-01
  168.0    2.7228e-03    2.7935e-03   -2.5315e-02   -9.5662e-02
  171.0    2.7331e-03    2.7935e-03   -2.1632e-02    2.5727e-03
  174.0    2.7856e-03    2.7935e-03   -2.8389e-03    7.5668e-02
  177.0    2.9330e-03    2.7935e-03    4.9925e-02    1.0386e-01
  180.0    3.0201e-03    2.7935e-03    8.1082e-02    1.1122e-01
  183.0    2.9326e-03    2.7935e-03    4.9774e-02    1.2075e-01
  186.0    2.7849e-03    2.7935e-03   -3.1040e-03    8.6782e-02
  189.0    2.7327e-03    2.7935e-03   -2.1798e-02   -7.0245e-04
  192.0    2.7226e-03    2.7935e-03   -2.5401e-02   -8.8793e-02
  195.0    2.7501e-03    2.7935e-03   -1.5541e-02   -1.2694e-01
  198.0    2.7351e-03    2.7935e-03   -2.0932e-02   -1.0851e-01
  201.0    2.7720e-03    2.7935e-03   -7.7073e-03   -7.3471e-02
  204.0    2.7410e-03    2.7935e-03   -1.8800e-02   -4.1053e-02
  207.0    2.7904e-03    2.7935e-03   -1.1101e-03   -6.2063e-03
  210.0    2.7767e-03    2.7935e-03   -6.0295e-03    3.6630e-02
  213.0    2.8199e-03    2.7935e-03    9.4182e-03    1.1711e-01
  216.0    2.8171e-03    2.7935e-03    8.4175e-03    1.8194e-01
  219.0    2.8342e-03    2.7935e-03    1.4541e-02    1.8301e-01
  222.0    2.8074e-03    2.7935e-03    4.9479e-03    7.1769e-02
  225.0    2.8075e-03    2.7935e-03    4.9769e-03   -7.8601e-02
  228.0    2.7091e-03    2.7935e-03   -3.0227e-02   -2.2177e-01
   9    40  16.66   42.0    1.0    0.0   ----------------------------
  111.0    2.8208e-03    2.9049e-03   -2.8969e-02    1.9833e-01
  114.0    2.7588e-03    2.9049e-03   -5.0288e-02   -4.2312e-02
  117.0    2.8135e-03    2.9049e-03   -3.1468e-02   -1.7873e-01
  120.0    2.8323e-03    2.9049e-03   -2.4981e-02   -2.1802e-01
  123.0    2.8135e-03    2.9049e-03   -3.1453e-02   -1.7220e-01
  126.0    2.7587e-03    2.9049e-03   -5.0321e-02   -6.8148e-02
  129.0    2.8208e-03    2.9049e-03   -2.8966e-02    5.4032e-02
  132.0    2.8654e-03    2.9049e-03   -1.3587e-02    1.6503e-01
  135.0    2.9615e-03    2.9049e-03    1.9470e-02    2.2071e-01
  138.0    3.0439e-03    2.9049e-03    4.7829e-02    2.1989e-01
  141.0    2.9898e-03    2.9049e-03    2.9225e-02    1.8190e-01
  144.0    2.8461e-03    2.9049e-03   -2.0262e-02    1.2803e-01
  147.0    2.9016e-03    2.9049e-03   -1.1279e-03    6.4984e-02
  150.0    3.1147e-03    2.9049e-03    7.2212e-02   -2.0704e-02
  153.0    2.9067e-03    2.9049e-03    6.2978e-04   -1.1858e-01
  156.0    2.8385e-03    2.9049e-03   -2.2851e-02   -1.9710e-01
  159.0    2.9744e-03    2.9049e-03    2.3929e-02   -2.2046e-01
  162.0    3.0260e-03    2.9049e-03    4.1682e-02   -1.7696e-01
  165.0    2.9709e-03    2.9049e-03    2.2716e-02   -8.4542e-02
  168.0    2.9123e-03    2.9049e-03    2.5280e-03    1.2567e-02
  171.0    2.8661e-03    2.9049e-03   -1.3351e-02    6.2766e-02
  174.0    2.8211e-03    2.9049e-03   -2.8861e-02    3.7321e-02
  177.0    2.8339e-03    2.9049e-03   -2.4452e-02   -2.3706e-02
  180.0    2.8337e-03    2.9049e-03   -2.4526e-02   -3.6178e-02
  183.0    2.8335e-03    2.9049e-03   -2.4572e-02    3.4647e-02
  186.0    2.8205e-03    2.9049e-03   -2.9045e-02    1.0964e-01
  189.0    2.8658e-03    2.9049e-03   -1.3458e-02    1.0956e-01
  192.0    2.9118e-03    2.9049e-03    2.3866e-03    2.4664e-02
  195.0    2.9704e-03    2.9049e-03    2.2538e-02   -8.0884e-02
  198.0    3.0259e-03    2.9049e-03    4.1638e-02   -1.4744e-01
  201.0    2.9746e-03    2.9049e-03    2.3990e-02   -1.3871e-01
  204.0    2.8390e-03    2.9049e-03   -2.2682e-02   -7.3898e-02
  207.0    2.9070e-03    2.9049e-03    7.0810e-04    2.6347e-02
  210.0    3.1145e-03    2.9049e-03    7.2134e-02    9.6776e-02
  213.0    2.9015e-03    2.9049e-03   -1.1703e-03    1.3257e-01
  216.0    2.8463e-03    2.9049e-03   -2.0171e-02    1.3900e-01
  219.0    2.9899e-03    2.9049e-03    2.9240e-02    1.2968e-01
  222.0    3.0438e-03    2.9049e-03    4.7815e-02    7.0822e-02
  225.0    2.9617e-03    2.9049e-03    1.9538e-02   -4.6801e-02
  228.0    2.8653e-03    2.9049e-03   -1.3652e-02   -1.9664e-01
  10    40  16.66   45.0    1.0    0.0   ----------------------------
  111.0    3.0448e-03    2.8631e-03    6.3484e-02    9.8750e-02
  114.0    2.9420e-03    2.8631e-03    2.7570e-02    1.6464e-03
  117.0    2.7781e-03    2.8631e-03   -2.9687e-02   -7.2985e-02
  120.0    2.5822e-03    2.8631e-03   -9.8108e-02   -1.0194e-01
  123.0    2.7779e-03    2.8631e-03   -2.9730e-02   -7.6647e-02
  126.0    2.9419e-03    2.8631e-03    2.7551e-02   -2.0332e-02
  129.0    3.0449e-03    2.8631e-03    6.3523e-02    4.3536e-02
  132.0    2.8890e-03    2.8631e-03    9.0511e-03    9.4465e-02
  135.0    2.7766e-03    2.8631e-03   -3.0189e-02    9.5821e-02
  138.0    2.8976e-03    2.8631e-03    1.2044e-02    5.2019e-02
  141.0    2.8742e-03    2.8631e-03    3.8884e-03    1.7246e-02
  144.0    2.9315e-03    2.8631e-03    2.3885e-02    1.0630e-02
  147.0    2.8569e-03    2.8631e-03   -2.1486e-03    9.1462e-04
  150.0    2.8156e-03    2.8631e-03   -1.6575e-02   -3.4253e-02
  153.0    2.7678e-03    2.8631e-03   -3.3276e-02   -6.8528e-02
  156.0    2.8694e-03    2.8631e-03    2.2191e-03   -1.0041e-01
  159.0    2.8786e-03    2.8631e-03    5.4126e-03   -1.0052e-01
  162.0    2.9298e-03    2.8631e-03    2.3317e-02   -4.5445e-02
  165.0    2.8118e-03    2.8631e-03   -1.7921e-02    4.6066e-02
  168.0    2.8989e-03    2.8631e-03    1.2507e-02    1.1873e-01
  171.0    3.0502e-03    2.8631e-03    6.5367e-02    1.1307e-01
  174.0    2.9639e-03    2.8631e-03    3.5222e-02    2.7298e-02
  177.0    2.7346e-03    2.8631e-03   -4.4887e-02   -7.5475e-02
  180.0    2.5139e-03    2.8631e-03   -1.2194e-01   -1.1174e-01
  183.0    2.7352e-03    2.8631e-03   -4.4670e-02   -2.3039e-02
  186.0    2.9650e-03    2.8631e-03    3.5610e-02    8.8301e-02
  189.0    3.0508e-03    2.8631e-03    6.5563e-02    1.4115e-01
  192.0    2.8988e-03    2.8631e-03    1.2487e-02    9.1872e-02
  195.0    2.8120e-03    2.8631e-03   -1.7833e-02   -1.1524e-02
  198.0    2.9306e-03    2.8631e-03    2.3587e-02   -9.1393e-02
  201.0    2.8792e-03    2.8631e-03    5.6221e-03   -1.1022e-01
  204.0    2.8697e-03    2.8631e-03    2.3201e-03   -8.1233e-02
  207.0    2.7674e-03    2.8631e-03   -3.3401e-02   -3.9095e-02
  210.0    2.8154e-03    2.8631e-03   -1.6657e-02    3.4892e-03
  213.0    2.8572e-03    2.8631e-03   -2.0359e-03    2.7876e-02
  216.0    2.9316e-03    2.8631e-03    2.3930e-02    3.7077e-02
  219.0    2.8742e-03    2.8631e-03    3.8832e-03    5.1598e-02
  222.0    2.8976e-03    2.8631e-03    1.2056e-02    5.9217e-02
  225.0    2.7766e-03    2.8631e-03   -3.0184e-02    2.0395e-02
  228.0    2.8893e-03    2.8631e-03    9.1472e-03   -7.6156e-02
  11    40  16.66   48.0    1.0    0.0   ----------------------------
  111.0    2.9398e-03    2.8493e-03    3.1767e-02   -7.6516e-02
  114.0    2.8780e-03    2.8493e-03    1.0089e-02   -5.7189e-03
  117.0    2.8946e-03    2.8493e-03    1.5912e-02    5.9658e-02
  120.0    3.1914e-03    2.8493e-03    1.2006e-01    8.0961e-02
  123.0    2.8945e-03    2.8493e-03    1.5887e-02    5.8128e-02
  126.0    2.8780e-03    2.8493e-03    1.0067e-02    6.9165e-03
  129.0    2.9399e-03    2.8493e-03    3.1802e-02   -1.3730e-02
  132.0    2.8923e-03    2.8493e-03    1.5089e-02   -1.7503e-02
  135.0    2.7673e-03    2.8493e-03   -2.8762e-02   -1.6595e-02
  138.0    2.5650e-03    2.8493e-03   -9.9781e-02   -3.2656e-02
  141.0    2.7806e-03    2.8493e-03   -2.4102e-02   -3.9333e-02
  144.0    2.9219e-03    2.8493e-03    2.5476e-02   -3.9803e-02
  147.0    2.9517e-03    2.8493e-03    3.5929e-02   -4.1828e-02
  150.0    2.8126e-03    2.8493e-03   -1.2886e-02   -5.6573e-02
  153.0    2.8998e-03    2.8493e-03    1.7731e-02   -6.2465e-02
  156.0    2.9080e-03    2.8493e-03    2.0608e-02   -4.0216e-02
  159.0    2.7973e-03    2.8493e-03   -1.8231e-02    2.7037e-02
  162.0    2.5856e-03    2.8493e-03   -9.2528e-02    1.0959e-01
  165.0    2.7509e-03    2.8493e-03   -3.4532e-02    1.4855e-01
  168.0    2.8508e-03    2.8493e-03    5.3525e-04    1.0737e-01
  171.0    2.8966e-03    2.8493e-03    1.6595e-02    2.1039e-02
  174.0    2.8777e-03    2.8493e-03    9.9804e-03   -5.1854e-02
  177.0    2.8518e-03    2.8493e-03    8.9419e-04   -8.6679e-02
  180.0    3.1316e-03    2.8493e-03    9.9089e-02   -1.0185e-01
  183.0    2.8528e-03    2.8493e-03    1.2485e-03   -7.8460e-02
  186.0    2.8787e-03    2.8493e-03    1.0310e-02   -2.3782e-02
  189.0    2.8969e-03    2.8493e-03    1.6721e-02    7.0763e-02
  192.0    2.8518e-03    2.8493e-03    8.8930e-04    1.3187e-01
  195.0    2.7519e-03    2.8493e-03   -3.4185e-02    1.1340e-01
  198.0    2.5858e-03    2.8493e-03   -9.2486e-02    3.8431e-02
  201.0    2.7974e-03    2.8493e-03   -1.8213e-02   -3.1448e-02
  204.0    2.9073e-03    2.8493e-03    2.0353e-02   -5.2363e-02
  207.0    2.8993e-03    2.8493e-03    1.7569e-02   -4.1708e-02
  210.0    2.8132e-03    2.8493e-03   -1.2653e-02   -2.8642e-02
  213.0    2.9519e-03    2.8493e-03    3.6028e-02   -3.2504e-02
  216.0    2.9215e-03    2.8493e-03    2.5362e-02   -5.6559e-02
  219.0    2.7807e-03    2.8493e-03   -2.4066e-02   -4.8854e-02
  222.0    2.5653e-03    2.8493e-03   -9.9678e-02    5.1477e-03
  225.0    2.7669e-03    2.8493e-03   -2.8901e-02    5.0541e-02
  228.0    2.8921e-03    2.8493e-03    1.5011e-02    4.7816e-02
  12    40  16.66   51.0    1.0    0.0   ----------------------------
  111.0    2.5835e-03    2.9224e-03   -1.1597e-01   -2.2602e-01
  114.0    2.7771e-03    2.9224e-03   -4.9730e-02   -2.9521e-03
  117.0    3.0000e-03    2.9224e-03    2.6533e-02    1.6664e-01
  120.0    3.0963e-03    2.9224e-03    5.9510e-02    2.2205e-01
  123.0    3.0000e-03    2.9224e-03    2.6539e-02    1.3834e-01
  126.0    2.7771e-03    2.9224e-03   -4.9716e-02   -2.8020e-02
  129.0    2.5836e-03    2.9224e-03   -1.1593e-01   -1.6378e-01
  132.0    2.8495e-03    2.9224e-03   -2.4954e-02   -2.0461e-01
  135.0    2.9549e-03    2.9224e-03    1.1127e-02   -1.2154e-01
  138.0    3.0818e-03    2.9224e-03    5.4519e-02    2.0381e-02
  141.0    3.0033e-03    2.9224e-03    2.7676e-02    1.3537e-01
  144.0    3.0270e-03    2.9224e-03    3.5781e-02    1.5611e-01
  147.0    3.0780e-03    2.9224e-03    5.3225e-02    9.6610e-02
  150.0    2.9975e-03    2.9224e-03    2.5676e-02    4.1438e-03
  153.0    2.9855e-03    2.9224e-03    2.1589e-02   -5.9690e-02
  156.0    2.9596e-03    2.9224e-03    1.2721e-02   -9.0885e-02
  159.0    2.8968e-03    2.9224e-03   -8.7642e-03   -5.2377e-02
  162.0    3.0616e-03    2.9224e-03    4.7627e-02    1.3357e-02
  165.0    2.9684e-03    2.9224e-03    1.5721e-02    5.4862e-02
  168.0    2.8906e-03    2.9224e-03   -1.0896e-02    2.9027e-02
  171.0    2.5752e-03    2.9224e-03   -1.1882e-01   -2.8864e-02
  174.0    2.7669e-03    2.9224e-03   -5.3205e-02   -3.8684e-02
  177.0    2.9384e-03    2.9224e-03    5.4520e-03   -9.9621e-03
  180.0    3.0135e-03    2.9224e-03    3.1153e-02   -3.1719e-03
  183.0    2.9374e-03    2.9224e-03    5.1051e-03   -3.8550e-02
  186.0    2.7656e-03    2.9224e-03   -5.3681e-02   -6.0198e-02
  189.0    2.5752e-03    2.9224e-03   -1.1883e-01   -1.6927e-02
  192.0    2.8910e-03    2.9224e-03   -1.0750e-02    4.2769e-02
  195.0    2.9675e-03    2.9224e-03    1.5408e-02    4.1619e-02
  198.0    3.0610e-03    2.9224e-03    4.7417e-02   -1.7331e-02
  201.0    2.8961e-03    2.9224e-03   -9.0024e-03   -7.9460e-02
  204.0    2.9595e-03    2.9224e-03    1.2683e-02   -8.2260e-02
  207.0    2.9862e-03    2.9224e-03    2.1834e-02   -2.4693e-02
  210.0    2.9976e-03    2.9224e-03    2.5719e-02    6.2515e-02
  213.0    3.0774e-03    2.9224e-03    5.3026e-02    1.4007e-01
  216.0    3.0273e-03    2.9224e-03    3.5886e-02    1.5983e-01
  219.0    3.0033e-03    2.9224e-03    2.7683e-02    8.8430e-02
  222.0    3.0816e-03    2.9224e-03    5.4478e-02   -2.7951e-02
  225.0    2.9556e-03    2.9224e-03    1.1355e-02   -1.0225e-01
  228.0    2.8488e-03    2.9224e-03   -2.5199e-02   -9.3043e-02
  13    40  16.66   54.0    1.0    0.0   ----------------------------
  111.0    2.9513e-03    2.9049e-03    1.5948e-02   -2.2406e-01
  114.0    2.8958e-03    2.9049e-03   -3.1522e-03    3.0813e-03
  117.0    2.8949e-03    2.9049e-03   -3.4658e-03    1.7632e-01
  120.0    2.9084e-03    2.9049e-03    1.1836e-03    2.3110e-01
  123.0    2.8950e-03    2.9049e-03   -3.4394e-03    1.4453e-01
  126.0    2.8957e-03    2.9049e-03   -3.1731e-03   -3.7536e-02
  129.0    2.9514e-03    2.9049e-03    1.5991e-02   -1.7921e-01
  132.0    2.8280e-03    2.9049e-03   -2.6497e-02   -1.9472e-01
  135.0    2.9241e-03    2.9049e-03    6.5870e-03   -1.0006e-01
  138.0    2.9175e-03    2.9049e-03    4.3161e-03    7.2969e-03
  141.0    2.8032e-03    2.9049e-03   -3.5035e-02    7.0543e-02
  144.0    3.0158e-03    2.9049e-03    3.8173e-02    9.4413e-02
  147.0    2.9352e-03    2.9049e-03    1.0418e-02    7.0206e-02
  150.0    2.9370e-03    2.9049e-03    1.1033e-02   -1.0773e-02
  153.0    2.9623e-03    2.9049e-03    1.9727e-02   -5.6642e-02
  156.0    2.9661e-03    2.9049e-03    2.1034e-02   -2.6572e-02
  159.0    2.7877e-03    2.9049e-03   -4.0367e-02    6.3978e-02
  162.0    2.9382e-03    2.9049e-03    1.1459e-02    9.8789e-02
  165.0    2.9184e-03    2.9049e-03    4.6155e-03    3.4691e-02
  168.0    2.7950e-03    2.9049e-03   -3.7857e-02   -7.6719e-02
  171.0    2.9920e-03    2.9049e-03    2.9984e-02   -1.1386e-01
  174.0    2.8818e-03    2.9049e-03   -7.9689e-03   -4.0346e-02
  177.0    2.8740e-03    2.9049e-03   -1.0665e-02    7.7855e-02
  180.0    2.8564e-03    2.9049e-03   -1.6721e-02    1.0401e-01
  183.0    2.8732e-03    2.9049e-03   -1.0936e-02    1.6819e-02
  186.0    2.8815e-03    2.9049e-03   -8.0698e-03   -9.2839e-02
  189.0    2.9916e-03    2.9049e-03    2.9846e-02   -1.1100e-01
  192.0    2.7937e-03    2.9049e-03   -3.8281e-02   -3.0872e-02
  195.0    2.9179e-03    2.9049e-03    4.4570e-03    4.1758e-02
  198.0    2.9377e-03    2.9049e-03    1.1292e-02    2.6468e-02
  201.0    2.7878e-03    2.9049e-03   -4.0341e-02   -4.3013e-02
  204.0    2.9668e-03    2.9049e-03    2.1301e-02   -8.6044e-02
  207.0    2.9619e-03    2.9049e-03    1.9590e-02   -5.4108e-02
  210.0    2.9364e-03    2.9049e-03    1.0832e-02    3.7743e-02
  213.0    2.9357e-03    2.9049e-03    1.0603e-02    1.1586e-01
  216.0    3.0157e-03    2.9049e-03    3.8127e-02    1.5032e-01
  219.0    2.8031e-03    2.9049e-03   -3.5074e-02    1.0915e-01
  222.0    2.9178e-03    2.9049e-03    4.4301e-03    2.2585e-02
  225.0    2.9235e-03    2.9049e-03    6.3804e-03   -7.2088e-02
  228.0    2.8286e-03    2.9049e-03   -2.6288e-02   -1.5052e-01
  14    40  16.66   57.0    1.0    0.0   ----------------------------
  111.0    3.2164e-03    2.9370e-03    9.5150e-02   -9.3920e-02
  114.0    3.0754e-03    2.9370e-03    4.7121e-02   -2.5187e-03
  117.0    2.9605e-03    2.9370e-03    8.0049e-03    6.8535e-02
  120.0    2.6388e-03    2.9370e-03   -1.0151e-01    9.2817e-02
  123.0    2.9605e-03    2.9370e-03    8.0146e-03    5.7983e-02
  126.0    3.0752e-03    2.9370e-03    4.7071e-02   -1.7786e-02
  129.0    3.2163e-03    2.9370e-03    9.5104e-02   -1.0808e-01
  132.0    2.9442e-03    2.9370e-03    2.4619e-03   -1.3233e-01
  135.0    2.9392e-03    2.9370e-03    7.6950e-04   -7.4134e-02
  138.0    2.9362e-03    2.9370e-03   -2.8223e-04    3.2209e-02
  141.0    2.9545e-03    2.9370e-03    5.9608e-03    9.5118e-02
  144.0    2.7692e-03    2.9370e-03   -5.7126e-02    1.0235e-01
  147.0    2.7943e-03    2.9370e-03   -4.8585e-02    7.0689e-02
  150.0    2.9718e-03    2.9370e-03    1.1845e-02   -9.6628e-03
  153.0    2.7535e-03    2.9370e-03   -6.2471e-02   -5.9091e-02
  156.0    2.6532e-03    2.9370e-03   -9.6621e-02   -7.5059e-03
  159.0    2.9457e-03    2.9370e-03    2.9744e-03    1.1859e-01
  162.0    2.9493e-03    2.9370e-03    4.1968e-03    1.6959e-01
  165.0    2.9751e-03    2.9370e-03    1.2991e-02    7.2491e-02
  168.0    2.9444e-03    2.9370e-03    2.5400e-03   -9.5554e-02
  171.0    3.2175e-03    2.9370e-03    9.5529e-02   -1.6484e-01
  174.0    3.0584e-03    2.9370e-03    4.1355e-02   -1.0958e-01
  177.0    3.0180e-03    2.9370e-03    2.7580e-02    8.9682e-04
  180.0    2.6817e-03    2.9370e-03   -8.6931e-02    3.3484e-02
  183.0    3.0204e-03    2.9370e-03    2.8411e-02   -5.6872e-02
  186.0    3.0600e-03    2.9370e-03    4.1893e-02   -1.6105e-01
  189.0    3.2174e-03    2.9370e-03    9.5471e-02   -1.4786e-01
  192.0    2.9453e-03    2.9370e-03    2.8245e-03   -1.2067e-02
  195.0    2.9758e-03    2.9370e-03    1.3205e-02    1.4369e-01
  198.0    2.9505e-03    2.9370e-03    4.6072e-03    1.3998e-01
  201.0    2.9466e-03    2.9370e-03    3.2783e-03    2.2871e-02
  204.0    2.6525e-03    2.9370e-03   -9.6866e-02   -5.8213e-02
  207.0    2.7528e-03    2.9370e-03   -6.2702e-02   -2.8736e-02
  210.0    2.9722e-03    2.9370e-03    1.2003e-02    6.1514e-02
  213.0    2.7940e-03    2.9370e-03   -4.8683e-02    1.0174e-01
  216.0    2.7690e-03    2.9370e-03   -5.7195e-02    1.0051e-01
  219.0    2.9548e-03    2.9370e-03    6.0768e-03    6.4563e-02
  222.0    2.9354e-03    2.9370e-03   -5.5182e-04   -2.1300e-02
  225.0    2.9396e-03    2.9370e-03    9.0909e-04   -8.8828e-02
  228.0    2.9434e-03    2.9370e-03    2.1800e-03   -1.0150e-01
  15    40  16.66   60.0    1.0    0.0   ----------------------------
  111.0    3.0049e-03    3.0227e-03   -5.8882e-03    9.0768e-02
  114.0    2.8925e-03    3.0227e-03   -4.3074e-02   -3.4356e-04
  117.0    2.7487e-03    3.0227e-03   -9.0659e-02   -7.0458e-02
  120.0    2.8325e-03    3.0227e-03   -6.2925e-02   -8.7005e-02
  123.0    2.7487e-03    3.0227e-03   -9.0655e-02   -5.4905e-02
  126.0    2.8924e-03    3.0227e-03   -4.3112e-02    1.0933e-02
  129.0    3.0048e-03    3.0227e-03   -5.9326e-03    6.0343e-02
  132.0    2.9778e-03    3.0227e-03   -1.4871e-02    2.6780e-02
  135.0    2.7745e-03    3.0227e-03   -8.2104e-02   -1.3264e-02
  138.0    3.0675e-03    3.0227e-03    1.4814e-02   -1.3703e-02
  141.0    3.2831e-03    3.0227e-03    8.6131e-02    4.7315e-02
  144.0    3.2394e-03    3.0227e-03    7.1695e-02    4.9225e-02
  147.0    3.3515e-03    3.0227e-03    1.0878e-01   -1.5263e-02
  150.0    3.2410e-03    3.0227e-03    7.2207e-02   -8.5050e-02
  153.0    3.3182e-03    3.0227e-03    9.7759e-02   -5.2034e-02
  156.0    3.2187e-03    3.0227e-03    6.4833e-02    5.0118e-02
  159.0    3.2508e-03    3.0227e-03    7.5470e-02    1.5524e-01
  162.0    2.9749e-03    3.0227e-03   -1.5820e-02    1.4279e-01
  165.0    2.7081e-03    3.0227e-03   -1.0410e-01    4.0197e-02
  168.0    2.9783e-03    3.0227e-03   -1.4705e-02   -7.7329e-02
  171.0    2.9193e-03    3.0227e-03   -3.4199e-02   -9.6382e-02
  174.0    2.9057e-03    3.0227e-03   -3.8724e-02   -6.6411e-02
  177.0    2.8184e-03    3.0227e-03   -6.7589e-02   -2.4824e-02
  180.0    2.8723e-03    3.0227e-03   -4.9768e-02   -1.5823e-02
  183.0    2.8167e-03    3.0227e-03   -6.8173e-02   -4.9007e-02
  186.0    2.9042e-03    3.0227e-03   -3.9218e-02   -9.4098e-02
  189.0    2.9202e-03    3.0227e-03   -3.3912e-02   -1.0422e-01
  192.0    2.9781e-03    3.0227e-03   -1.4764e-02   -1.4695e-02
  195.0    2.7076e-03    3.0227e-03   -1.0423e-01    1.1638e-01
  198.0    2.9739e-03    3.0227e-03   -1.6144e-02    1.6011e-01
  201.0    3.2490e-03    3.0227e-03    7.4850e-02    6.7681e-02
  204.0    3.2183e-03    3.0227e-03    6.4713e-02   -4.8470e-02
  207.0    3.3196e-03    3.0227e-03    9.8232e-02   -9.1065e-02
  210.0    3.1032e-03    3.0227e-03    2.6636e-02   -2.9974e-02
  213.0    3.3508e-03    3.0227e-03    1.0854e-01    5.8913e-02
  216.0    3.2401e-03    3.0227e-03    7.1908e-02    8.8981e-02
  219.0    3.2824e-03    3.0227e-03    8.5908e-02    4.4646e-02
  222.0    3.0676e-03    3.0227e-03    1.4863e-02   -2.4249e-02
  225.0    2.7741e-03    3.0227e-03   -8.2244e-02   -5.3016e-02
  228.0    2.9788e-03    3.0227e-03   -1.4529e-02   -2.8915e-02
  16    40  16.66   63.0    1.0    0.0   ----------------------------
  111.0    2.8919e-03    2.9977e-03   -3.5283e-02    2.1371e-01
  114.0    2.8727e-03    2.9977e-03   -4.1684e-02    1.0022e-02
  117.0    2.9963e-03    2.9977e-03   -4.6021e-04   -1.3639e-01
  120.0    3.1785e-03    2.9977e-03    6.0313e-02   -1.8550e-01
  123.0    2.9962e-03    2.9977e-03   -4.9484e-04   -1.1938e-01
  126.0    2.8729e-03    2.9977e-03   -4.1634e-02    2.1645e-02
  129.0    2.8918e-03    2.9977e-03   -3.5308e-02    1.5561e-01
  132.0    3.0265e-03    2.9977e-03    9.6352e-03    1.5937e-01
  135.0    3.2199e-03    2.9977e-03    7.4146e-02    5.1057e-02
  138.0    3.2000e-03    2.9977e-03    6.7497e-02   -6.2296e-02
  141.0    2.9573e-03    2.9977e-03   -1.3453e-02   -9.5639e-02
  144.0    2.9396e-03    2.9977e-03   -1.9367e-02   -8.3612e-02
  147.0    2.8080e-03    2.9977e-03   -6.3269e-02   -9.0623e-02
  150.0    2.9092e-03    2.9977e-03   -2.9513e-02   -7.3508e-02
  153.0    2.8208e-03    2.9977e-03   -5.9013e-02    1.4179e-02
  156.0    2.9756e-03    2.9977e-03   -7.3654e-03    1.3142e-01
  159.0    2.9574e-03    2.9977e-03   -1.3417e-02    1.7884e-01
  162.0    3.1179e-03    2.9977e-03    4.0104e-02    9.3288e-02
  165.0    3.2025e-03    2.9977e-03    6.8337e-02   -3.5453e-02
  168.0    3.0452e-03    2.9977e-03    1.5862e-02   -1.2468e-01
  171.0    2.8936e-03    2.9977e-03   -3.4699e-02   -1.2561e-01
  174.0    2.8785e-03    2.9977e-03   -3.9767e-02   -2.5752e-02
  177.0    2.9964e-03    2.9977e-03   -4.2588e-04    1.0509e-01
  180.0    3.3071e-03    2.9977e-03    1.0323e-01    1.3331e-01
  183.0    2.9974e-03    2.9977e-03   -9.1970e-05    3.4946e-02
  186.0    2.8798e-03    2.9977e-03   -3.9305e-02   -9.6697e-02
  189.0    2.8916e-03    2.9977e-03   -3.5385e-02   -1.3372e-01
  192.0    3.0437e-03    2.9977e-03    1.5364e-02   -7.1538e-02
  195.0    3.2018e-03    2.9977e-03    6.8101e-02    5.8446e-02
  198.0    3.1189e-03    2.9977e-03    4.0454e-02    1.7110e-01
  201.0    2.9599e-03    2.9977e-03   -1.2605e-02    1.6171e-01
  204.0    2.9766e-03    2.9977e-03   -7.0218e-03    4.6018e-02
  207.0    2.8196e-03    2.9977e-03   -5.9417e-02   -6.9698e-02
  210.0    2.9093e-03    2.9977e-03   -2.9477e-02   -9.1515e-02
  213.0    2.8086e-03    2.9977e-03   -6.3078e-02   -7.5362e-02
  216.0    2.9390e-03    2.9977e-03   -1.9559e-02   -7.8512e-02
  219.0    2.9579e-03    2.9977e-03   -1.3270e-02   -1.0249e-01
  222.0    3.1996e-03    2.9977e-03    6.7373e-02   -4.6610e-02
  225.0    3.2205e-03    2.9977e-03    7.4345e-02    4.5617e-02
  228.0    3.0264e-03    2.9977e-03    9.5992e-03    1.4150e-01
  17    40  16.66   66.0    1.0    0.0   ----------------------------
  111.0    3.1087e-03    3.0871e-03    6.9975e-03   -4.6503e-02
  114.0    2.8249e-03    3.0871e-03   -8.4937e-02   -6.7429e-02
  117.0    2.9226e-03    3.0871e-03   -5.3292e-02   -4.3572e-02
  120.0    2.7868e-03    3.0871e-03   -9.7272e-02   -6.5610e-03
  123.0    2.9222e-03    3.0871e-03   -5.3402e-02   -3.1551e-02
  126.0    2.8250e-03    3.0871e-03   -8.4902e-02    2.8166e-03
  129.0    3.1088e-03    3.0871e-03    7.0424e-03    1.1588e-01
  132.0    3.3964e-03    3.0871e-03    1.0020e-01    2.0065e-01
  135.0    3.0892e-03    3.0871e-03    7.0059e-04    1.8847e-01
  138.0    2.8926e-03    3.0871e-03   -6.3007e-02    7.0519e-02
  141.0    3.2006e-03    3.0871e-03    3.6755e-02   -4.6423e-02
  144.0    3.4039e-03    3.0871e-03    1.0264e-01   -1.2401e-01
  147.0    3.1139e-03    3.0871e-03    8.6842e-03   -1.5088e-01
  150.0    3.0301e-03    3.0871e-03   -1.8443e-02   -1.4403e-01
  153.0    3.1397e-03    3.0871e-03    1.7035e-02   -6.7681e-02
  156.0    3.4079e-03    3.0871e-03    1.0391e-01    3.9257e-02
  159.0    3.1593e-03    3.0871e-03    2.3400e-02    8.3201e-02
  162.0    2.8529e-03    3.0871e-03   -7.5846e-02    5.0191e-03
  165.0    3.0627e-03    3.0871e-03   -7.8859e-03   -1.0730e-01
  168.0    3.3652e-03    3.0871e-03    9.0091e-02   -1.4123e-01
  171.0    3.0505e-03    3.0871e-03   -1.1836e-02   -6.9431e-02
  174.0    2.8367e-03    3.0871e-03   -8.1094e-02    3.3750e-02
  177.0    3.0363e-03    3.0871e-03   -1.6437e-02    1.1880e-01
  180.0    2.9148e-03    3.0871e-03   -5.5810e-02    1.3244e-01
  183.0    3.0335e-03    3.0871e-03   -1.7349e-02    1.0190e-01
  186.0    2.8344e-03    3.0871e-03   -8.1857e-02    3.0369e-03
  189.0    3.0532e-03    3.0871e-03   -1.0986e-02   -7.1511e-02
  192.0    3.3664e-03    3.0871e-03    9.0478e-02   -7.6926e-02
  195.0    3.0620e-03    3.0871e-03   -8.1107e-03    4.0448e-02
  198.0    2.8511e-03    3.0871e-03   -7.6439e-02    1.6221e-01
  201.0    3.1559e-03    3.0871e-03    2.2306e-02    1.5457e-01
  204.0    3.4056e-03    3.0871e-03    1.0318e-01    3.9775e-02
  207.0    3.1430e-03    3.0871e-03    1.8103e-02   -7.8114e-02
  210.0    3.0298e-03    3.0871e-03   -1.8542e-02   -1.1600e-01
  213.0    3.1123e-03    3.0871e-03    8.1568e-03   -1.1207e-01
  216.0    3.4058e-03    3.0871e-03    1.0324e-01   -8.6982e-02
  219.0    3.1997e-03    3.0871e-03    3.6465e-02   -3.8656e-02
  222.0    2.8929e-03    3.0871e-03   -6.2918e-02    3.7649e-02
  225.0    3.0901e-03    3.0871e-03    9.8205e-04    6.0399e-02
  228.0    3.3958e-03    3.0871e-03    1.0000e-01    2.6168e-02
  18    40  16.66   69.0    1.0    0.0   ----------------------------
  111.0    2.9796e-03    3.0292e-03   -1.6343e-02   -9.3932e-02
  114.0    3.3046e-03    3.0292e-03    9.0921e-02    2.5878e-03
  117.0    3.1968e-03    3.0292e-03    5.5354e-02    5.2856e-02
  120.0    3.2640e-03    3.0292e-03    7.7532e-02    6.6060e-02
  123.0    3.1968e-03    3.0292e-03    5.5360e-02    4.0973e-03
  126.0    3.3042e-03    3.0292e-03    9.0787e-02   -5.1057e-02
  129.0    2.9799e-03    3.0292e-03   -1.6263e-02   -3.7728e-02
  132.0    2.6436e-03    3.0292e-03   -1.2729e-01    5.6255e-02
  135.0    3.4333e-03    3.0292e-03    1.3342e-01    1.4292e-01
  138.0    3.0327e-03    3.0292e-03    1.1706e-03    1.2780e-01
  141.0    2.9641e-03    3.0292e-03   -2.1481e-02    1.4874e-02
  144.0    2.9421e-03    3.0292e-03   -2.8754e-02   -8.9747e-02
  147.0    2.8402e-03    3.0292e-03   -6.2368e-02   -1.4858e-01
  150.0    2.8930e-03    3.0292e-03   -4.4950e-02   -9.7600e-02
  153.0    2.8150e-03    3.0292e-03   -7.0704e-02   -3.0068e-02
  156.0    2.9262e-03    3.0292e-03   -3.3972e-02    1.5908e-02
  159.0    2.9416e-03    3.0292e-03   -2.8892e-02   -2.5794e-02
  162.0    3.0207e-03    3.0292e-03   -2.7823e-03   -9.9128e-02
  165.0    3.3211e-03    3.0292e-03    9.6369e-02   -1.2959e-01
  168.0    2.6216e-03    3.0292e-03   -1.3455e-01   -9.0887e-02
  171.0    2.9736e-03    3.0292e-03   -1.8327e-02    2.4007e-02
  174.0    3.2760e-03    3.0292e-03    8.1496e-02    1.1652e-01
  177.0    3.1569e-03    3.0292e-03    4.2181e-02    1.9296e-01
  180.0    3.3237e-03    3.0292e-03    9.7237e-02    2.0255e-01
  183.0    3.1623e-03    3.0292e-03    4.3953e-02    1.5306e-01
  186.0    3.2802e-03    3.0292e-03    8.2877e-02    6.4912e-02
  189.0    2.9724e-03    3.0292e-03   -1.8745e-02   -4.8175e-02
  192.0    2.6235e-03    3.0292e-03   -1.3393e-01   -1.1758e-01
  195.0    3.3216e-03    3.0292e-03    9.6550e-02   -9.0822e-02
  198.0    3.0243e-03    3.0292e-03   -1.6060e-03   -6.9216e-03
  201.0    2.9441e-03    3.0292e-03   -2.8089e-02    5.7848e-02
  204.0    2.9255e-03    3.0292e-03   -3.4214e-02    1.6733e-02
  207.0    2.8109e-03    3.0292e-03   -7.2036e-02   -6.7600e-02
  210.0    2.8949e-03    3.0292e-03   -4.4324e-02   -1.3067e-01
  213.0    2.8409e-03    3.0292e-03   -6.2145e-02   -1.2705e-01
  216.0    2.9408e-03    3.0292e-03   -2.9168e-02   -3.8197e-02
  219.0    2.9649e-03    3.0292e-03   -2.1202e-02    7.0793e-02
  222.0    3.0321e-03    3.0292e-03    9.5546e-04    1.4017e-01
  225.0    3.4332e-03    3.0292e-03    1.3340e-01    7.3806e-02
  228.0    2.6432e-03    3.0292e-03   -1.2742e-01   -7.5021e-02

fitted parameters ( nfit =  0  nfollow =  0  )

   r-factora =    0.8831   r-factorb =   -0.6658

    0     0.10    504.0    4.086           general vinner tdebye lattice
    1  0.00000  0.00000  0.70705  0.70705  layer spacing length units
    2  0.65000  0.40822  0.70705  0.70705  layer spacing length units
                                           unit: lattice constant

   r-factora=sum((chic-chie)*(chic-chie))/(sum(chic*chic+chie*chie)
   r-factorb=sum(chic*chic-chie*chie)/sum(chic*chic+chie*chie)

This calculation took    2 processor seconds on    2 Linux Cluster
     starting on Thu Feb 12 15:28:57 2026
   and ending on Thu Feb 12 15:28:58 2026

